#-----------------------------------------------------------
# Vivado v2016.2 (64-bit)
# SW Build 1577090 on Thu Jun  2 16:32:40 MDT 2016
# IP Build 1577682 on Fri Jun  3 12:00:54 MDT 2016
# Start of session at: Tue Apr 17 14:59:30 2018
# Process ID: 12484
# Current directory: D:/vivado____360/CPU-31-master
# Command line: vivado.exe D:\vivado____360\CPU-31-master\1552229-cpu31.xpr
# Log file: D:/vivado____360/CPU-31-master/vivado.log
# Journal file: D:/vivado____360/CPU-31-master\vivado.jou
#-----------------------------------------------------------
start_gui
open_project D:/vivado____360/CPU-31-master/1552229-cpu31.xpr
update_compile_order -fileset sources_1
set_property target_simulator ModelSim [current_project]
launch_simulation
launch_simulation
launch_simulation
launch_simulation
close_project
open_project D:/vivado____360/CPU31-master/cpu_31/cpu_31.xpr
update_compile_order -fileset sources_1
close_project
open_project D:/vivado____360/CPU-31-master/1552229-cpu31.xpr
update_compile_order -fileset sources_1
close_project
open_project D:/vivado____360/CPU31-master/cpu_31/cpu_31.xpr
update_compile_order -fileset sources_1
close [ open D:/vivado____360/CPU31-master/cpu_31/cpu_31.srcs/sources_1/new/sccomp_dataflow.v w ]
add_files D:/vivado____360/CPU31-master/cpu_31/cpu_31.srcs/sources_1/new/sccomp_dataflow.v
update_compile_order -fileset sources_1
close [ open D:/vivado____360/CPU31-master/cpu_31/cpu_31.srcs/sources_1/new/io_sel.v w ]
add_files D:/vivado____360/CPU31-master/cpu_31/cpu_31.srcs/sources_1/new/io_sel.v
update_compile_order -fileset sources_1
# Disabling source management mode.  This is to allow the top design properties to be set without GUI intervention.
set_property source_mgmt_mode None [current_project]
set_property top cpu_test [current_fileset]
# Re-enabling previously disabled source management mode.
set_property source_mgmt_mode All [current_project]
update_compile_order -fileset sources_1
# Disabling source management mode.  This is to allow the top design properties to be set without GUI intervention.
set_property source_mgmt_mode None [current_project]
set_property top cpu [current_fileset]
# Re-enabling previously disabled source management mode.
set_property source_mgmt_mode All [current_project]
update_compile_order -fileset sources_1
remove_files D:/vivado____360/CPU31-master/cpu_31/cpu_31.srcs/sources_1/new/sccomp_dataflow.v
file delete -force D:/vivado____360/CPU31-master/cpu_31/cpu_31.srcs/sources_1/new/sccomp_dataflow.v
